Process 8243 exited: 0
Process 8244 exited: 0
Process 8245 exited: 0
Process 8247 exited: 0
