Process 8250 exited: 0
Process 8251 exited: 0
Process 8252 exited: 0
Process 8253 exited: 0
Process 8254 exited: 0
Process 8255 exited: 0
