Process 8259 exited: 0
Process 8260 exited: 0
Process 8261 exited: 1
Process 8262 exited: 0
Process 8263 exited: 1
Process 8264 exited: 0
Process 8265 exited: 0
Process 8267 exited: 0
Process 8268 exited: 1
Process 8269 exited: 0
Process 8270 exited: 0
Process 8271 exited: 0
Process 8273 exited: 0
Process 8274 exited: 0
Process 8275 exited: 0
Process 8276 exited: 0
Process 8278 exited: 0
Process 8279 exited: 0
Process 8280 exited: 0
