Process 8283 exited: 0
Process 8284 exited: 0
Process 8285 exited: 0
Process 8286 exited: 0
Process 8287 exited: 0
Process 8288 exited: 0
Process 8290 exited: 1
Process 8291 exited: 0
Process 8292 exited: 0
Process 8293 exited: 0
Process 8294 exited: 1
Process 8295 exited: 0
Process 8296 exited: 0
