Spawned child process 8300
Process 8302 exited: 0
Process 8301 exited: 0
Process 8305 exited: 1
Process 8306 exited: 0
Process 8307 exited: 0
Process 8300 exited: 0
Process 8308 exited: 0
Process 8303 exited: 0
Spawned child process 8311
Process 8312 exited: 0
Process 8314 exited: 71
Process 8311 exited: 0
