Process 8319 exited: 0
Process 8320 exited: 0
Process 8322 exited: 0
